00:00 +0: loading C:/Users/Christian/Develop/projects/flutter_application_1/test/services/bible_service_test.dart
00:00 +0: C:/Users/Christian/Develop/projects/flutter_application_1/test/services/bible_service_test.dart: BibleVersion enum should have 6 versions
00:00 +1: C:/Users/Christian/Develop/projects/flutter_application_1/test/services/bible_service_test.dart: BibleVersion enum should have correct abbreviations
00:00 +2: C:/Users/Christian/Develop/projects/flutter_application_1/test/services/bible_service_test.dart: BibleVersion enum should have correct full names
00:00 +3: C:/Users/Christian/Develop/projects/flutter_application_1/test/services/bible_service_test.dart: BibleVerse model should serialize to JSON correctly
test/services/notification_service_test.dart:26:5: Error: Method not found: 'whenListen'.
    whenListen(
    ^^^^^^^^^^
test/services/notification_service_test.dart:34:35: Error: Required named parameter 'carPlay' must be provided.
        const NotificationSettings(
                                  ^
../../../AppData/Local/Pub/Cache/hosted/pub.dev/firebase_messaging_platform_interface-4.7.5/lib/src/notification_settings.dart:11:9: Context: Found this candidate, but the arguments don't match.
  const NotificationSettings({
        ^^^^^^^^^^^^^^^^^^^^
00:00 +4: C:/Users/Christian/Develop/projects/flutter_application_1/test/services/bible_service_test.dart: BibleVerse model should deserialize from JSON correctly
00:00 +5: C:/Users/Christian/Develop/projects/flutter_application_1/test/services/bible_service_test.dart: BibleVerse model should generate correct reference format
00:00 +6: C:/Users/Christian/Develop/projects/flutter_application_1/test/services/bible_service_test.dart: BibleVerse model should default to KJV version if not specified
00:00 +7: C:/Users/Christian/Develop/projects/flutter_application_1/test/services/bible_service_test.dart: BibleVerse model should handle missing JSON fields gracefully
00:00 +8: C:/Users/Christian/Develop/projects/flutter_application_1/test/services/bible_service_test.dart: BibleVerse model should parse version correctly from abbreviation
00:00 +9: C:/Users/Christian/Develop/projects/flutter_application_1/test/services/bible_service_test.dart: BibleService Initialization init() should initialize without errors
00:00 +10: C:/Users/Christian/Develop/projects/flutter_application_1/test/services/bible_service_test.dart: BibleService Initialization init() should set default version to KJV
00:00 +11: C:/Users/Christian/Develop/projects/flutter_application_1/test/services/bible_service_test.dart: BibleService Initialization init() should load saved version preference
00:00 +12: C:/Users/Christian/Develop/projects/flutter_application_1/test/services/bible_service_test.dart: BibleService Initialization should not reinitialize if already initialized
00:00 +13: C:/Users/Christian/Develop/projects/flutter_application_1/test/services/bible_service_test.dart: BibleService Version management availableVersions should return all 6 versions
00:00 +14: C:/Users/Christian/Develop/projects/flutter_application_1/test/services/bible_service_test.dart: BibleService Version management setSelectedVersion should update current version
00:00 +15: C:/Users/Christian/Develop/projects/flutter_application_1/test/services/bible_service_test.dart: BibleService Version management selected version should persist across instances
00:00 +16: C:/Users/Christian/Develop/projects/flutter_application_1/test/services/bible_service_test.dart: BibleService Version management should handle all available versions
00:00 +17: C:/Users/Christian/Develop/projects/flutter_application_1/test/services/bible_service_test.dart: BibleService getVerse should return verse from offline cache
00:00 +18: C:/Users/Christian/Develop/projects/flutter_application_1/test/services/bible_service_test.dart: BibleService getVerse should return verse in selected version
00:00 +19: C:/Users/Christian/Develop/projects/flutter_application_1/test/services/bible_service_test.dart: BibleService getVerse should return verse in specific version when specified
00:00 +20: C:/Users/Christian/Develop/projects/flutter_application_1/test/services/bible_service_test.dart: BibleService getVerse should return null for non-existent verse
00:00 +20 -1: loading C:/Users/Christian/Develop/projects/flutter_application_1/test/services/notification_service_test.dart [E]
  Failed to load "C:/Users/Christian/Develop/projects/flutter_application_1/test/services/notification_service_test.dart":
  Compilation failed for testPath=C:/Users/Christian/Develop/projects/flutter_application_1/test/services/notification_service_test.dart: test/services/notification_service_test.dart:26:5: Error: Method not found: 'whenListen'.
      whenListen(
      ^^^^^^^^^^
  test/services/notification_service_test.dart:34:35: Error: Required named parameter 'carPlay' must be provided.
          const NotificationSettings(
                                    ^
  ../../../AppData/Local/Pub/Cache/hosted/pub.dev/firebase_messaging_platform_interface-4.7.5/lib/src/notification_settings.dart:11:9: Context: Found this candidate, but the arguments don't match.
    const NotificationSettings({
          ^^^^^^^^^^^^^^^^^^^^
  .
00:00 +20 -2: loading C:/Users/Christian/Develop/projects/flutter_application_1/test/services/bible_service_test.dart [E]
  Error: The Dart compiler exited unexpectedly.
  package:flutter_tools/src/base/common.dart 34:3  throwToolExit
  package:flutter_tools/src/compile.dart 911:11    DefaultResidentCompiler._compile.<fn>
  dart:async/zone.dart 1538:47                     _rootRunUnary
  dart:async/zone.dart 1429:19                     _CustomZone.runUnary
  dart:async/future_impl.dart 948:45               Future._propagateToListeners.handleValueCallback
  dart:async/future_impl.dart 977:13               Future._propagateToListeners
  dart:async/future_impl.dart 862:9                Future._propagateToListeners
  dart:async/future_impl.dart 720:5                Future._completeWithValue
  dart:async/future_impl.dart 804:7                Future._asyncCompleteWithValue.<fn>
  dart:async/zone.dart 1525:13                     _rootRun
  dart:async/zone.dart 1422:19                     _CustomZone.run
  dart:async/zone.dart 1321:7                      _CustomZone.runGuarded
  dart:async/zone.dart 1362:23                     _CustomZone.bindCallbackGuarded.<fn>
  dart:async/schedule_microtask.dart 40:35         _microtaskLoop
  dart:async/schedule_microtask.dart 49:5          _startMicrotaskLoop
  dart:isolate-patch/isolate_patch.dart 127:13     _runPendingImmediateCallback
  dart:isolate-patch/isolate_patch.dart 194:5      _RawReceivePort._handleMessage
  
00:00 +21 -2: C:/Users/Christian/Develop/projects/flutter_application_1/test/services/bible_service_test.dart: BibleService getVerse should return null for non-existent verse
00:00 +22 -2: C:/Users/Christian/Develop/projects/flutter_application_1/test/services/bible_service_test.dart: BibleService getVerse should return null for non-existent verse
00:00 +23 -2: C:/Users/Christian/Develop/projects/flutter_application_1/test/services/bible_service_test.dart: BibleService getVerse should return null for non-existent verse
00:00 +24 -2: C:/Users/Christian/Develop/projects/flutter_application_1/test/services/bible_service_test.dart: BibleService getVerse should return null for non-existent verse
00:00 +25 -2: C:/Users/Christian/Develop/projects/flutter_application_1/test/services/bible_service_test.dart: BibleService getVerse should return null for non-existent verse
00:00 +26 -2: C:/Users/Christian/Develop/projects/flutter_application_1/test/services/bible_service_test.dart: BibleService getVerse should return null for non-existent verse
00:00 +27 -2: C:/Users/Christian/Develop/projects/flutter_application_1/test/services/bible_service_test.dart: BibleService getVerse should return null for non-existent verse
00:00 +28 -2: C:/Users/Christian/Develop/projects/flutter_application_1/test/services/bible_service_test.dart: BibleService getVerse should return null for non-existent verse
00:00 +29 -2: C:/Users/Christian/Develop/projects/flutter_application_1/test/services/bible_service_test.dart: BibleService getVerse should return null for non-existent verse
00:00 +30 -2: C:/Users/Christian/Develop/projects/flutter_application_1/test/services/bible_service_test.dart: BibleService getVerse should return null for non-existent verse
00:00 +31 -2: C:/Users/Christian/Develop/projects/flutter_application_1/test/services/bible_service_test.dart: BibleService getVerse should return null for non-existent verse
00:00 +32 -2: C:/Users/Christian/Develop/projects/flutter_application_1/test/services/bible_service_test.dart: BibleService getVerse should return null for non-existent verse
00:00 +33 -2: C:/Users/Christian/Develop/projects/flutter_application_1/test/services/bible_service_test.dart: BibleService getVerse should return null for non-existent verse
00:00 +34 -2: C:/Users/Christian/Develop/projects/flutter_application_1/test/services/bible_service_test.dart: BibleService getVerse should return null for non-existent verse
00:00 +35 -2: C:/Users/Christian/Develop/projects/flutter_application_1/test/services/bible_service_test.dart: BibleService getVerse should return null for non-existent verse
00:00 +36 -2: C:/Users/Christian/Develop/projects/flutter_application_1/test/services/bible_service_test.dart: BibleService getVerse should return null for non-existent verse
00:00 +37 -2: C:/Users/Christian/Develop/projects/flutter_application_1/test/services/bible_service_test.dart: BibleService getVerse should return null for non-existent verse
00:00 +38 -2: C:/Users/Christian/Develop/projects/flutter_application_1/test/services/bible_service_test.dart: BibleService getVerse should return null for non-existent verse
00:00 +39 -2: C:/Users/Christian/Develop/projects/flutter_application_1/test/services/bible_service_test.dart: BibleService getVerse should return null for non-existent verse
00:00 +40 -2: C:/Users/Christian/Develop/projects/flutter_application_1/test/services/bible_service_test.dart: BibleService getVerse should return null for non-existent verse
00:00 +41 -2: C:/Users/Christian/Develop/projects/flutter_application_1/test/services/bible_service_test.dart: BibleService getVerse should return null for non-existent verse
00:00 +42 -2: C:/Users/Christian/Develop/projects/flutter_application_1/test/services/bible_service_test.dart: BibleService getVerse should be case-insensitive
00:00 +43 -2: C:/Users/Christian/Develop/projects/flutter_application_1/test/services/bible_service_test.dart: BibleService getVerse should support multiple verse formats
00:00 +44 -2: C:/Users/Christian/Develop/projects/flutter_application_1/test/services/bible_service_test.dart: BibleService searchVerses should find verses by book name
00:00 +45 -2: C:/Users/Christian/Develop/projects/flutter_application_1/test/services/bible_service_test.dart: BibleService searchVerses should find verses by partial scripture reference
00:00 +46 -2: C:/Users/Christian/Develop/projects/flutter_application_1/test/services/bible_service_test.dart: BibleService searchVerses should find verses by text content
00:00 +47 -2: C:/Users/Christian/Develop/projects/flutter_application_1/test/services/bible_service_test.dart: BibleService searchVerses should return empty list for no matches
00:00 +48 -2: C:/Users/Christian/Develop/projects/flutter_application_1/test/services/bible_service_test.dart: BibleService searchVerses should respect selected version in search
00:00 +49 -2: C:/Users/Christian/Develop/projects/flutter_application_1/test/services/bible_service_test.dart: BibleService searchVerses should search specific version when specified
00:00 +50 -2: C:/Users/Christian/Develop/projects/flutter_application_1/test/services/bible_service_test.dart: BibleService Favorites management should toggle favorite status
00:00 +51 -2: C:/Users/Christian/Develop/projects/flutter_application_1/test/services/bible_service_test.dart: BibleService Favorites management should get favorites list
00:00 +52 -2: C:/Users/Christian/Develop/projects/flutter_application_1/test/services/bible_service_test.dart: BibleService Favorites management should persist favorites to SharedPreferences
00:00 +53 -2: C:/Users/Christian/Develop/projects/flutter_application_1/test/services/bible_service_test.dart: BibleService Favorites management should track favorites per version
00:00 +54 -2: C:/Users/Christian/Develop/projects/flutter_application_1/test/services/bible_service_test.dart: BibleService Favorites management should return empty favorites list initially
00:00 +55 -2: C:/Users/Christian/Develop/projects/flutter_application_1/test/services/bible_service_test.dart: BibleService getRandomVerse should return a random verse
00:00 +56 -2: C:/Users/Christian/Develop/projects/flutter_application_1/test/services/bible_service_test.dart: BibleService getRandomVerse should return verse in selected version
00:00 +57 -2: C:/Users/Christian/Develop/projects/flutter_application_1/test/services/bible_service_test.dart: BibleService getRandomVerse should return different verses on multiple calls
00:00 +58 -2: C:/Users/Christian/Develop/projects/flutter_application_1/test/services/bible_service_test.dart: BibleService Offline functionality should work without internet connection
00:00 +59 -2: C:/Users/Christian/Develop/projects/flutter_application_1/test/services/bible_service_test.dart: BibleService Offline functionality offline cache should contain multiple versions
00:00 +60 -2: C:/Users/Christian/Develop/projects/flutter_application_1/test/services/bible_service_test.dart: BibleService Offline functionality should have different text for different versions
00:00 +61 -2: C:/Users/Christian/Develop/projects/flutter_application_1/test/services/bible_service_test.dart: BibleService Clear favorites should clear all favorites
00:00 +62 -2: C:/Users/Christian/Develop/projects/flutter_application_1/test/services/bible_service_test.dart: BibleService Clear favorites should not affect verses after clearing favorites
00:01 +63 -2: C:/Users/Christian/Develop/projects/flutter_application_1/test/widget_test.dart: (setUpAll)
00:01 +63 -2: C:/Users/Christian/Develop/projects/flutter_application_1/test/widget_test.dart: App builds smoke test
Firebase not available: [core/no-app] No Firebase App '[DEFAULT]' has been created - call Firebase.initializeApp()
00:03 +64 -2: C:/Users/Christian/Develop/projects/flutter_application_1/test/widget_test.dart: (tearDownAll)
00:03 +64 -2: Some tests failed.
